// Jest Snapshot v1, https://goo.gl/fbAQLP

exports[`render search box 1`] = `[Function]`;
